// Jest Snapshot v1, https://goo.gl/fbAQLP

exports[`should append transformations to JavaScript module 1`] = `
"
  /**
   * Resource Location: /Users/wecomm/seanlarkin/code/example-webpack-loader/src/index.js
   * Loaders chainded to module: [{\\"path\\":\\"/Users/wecomm/seanlarkin/code/example-webpack-loader/src/index.js\\",\\"query\\":\\"??ref--0-0\\",\\"options\\":{},\\"ident\\":\\"ref--0-0\\",\\"data\\":null,\\"pitchExecuted\\":true,\\"normalExecuted\\":true,\\"request\\":\\"/Users/wecomm/seanlarkin/code/example-webpack-loader/src/index.js??ref--0-0\\"}]
   * Loader API Version: 2
   * Is this in \\"webpack mode\\": true
   * This is the users request for the module: /Users/wecomm/seanlarkin/code/example-webpack-loader/src/index.js??ref--0-0!/Users/wecomm/seanlarkin/code/example-webpack-loader/src/index.js
   */

  /**
   * Original Source From Loader
   */

  export default function loader(source) {
  const { loaders, resource, request, version, webpack } = this;

  const newSource = \`
  /**
   * Resource Location: \${resource}
   * Loaders chainded to module: \${JSON.stringify(loaders)}
   * Loader API Version: \${version}
   * Is this in \\"webpack mode\\": \${webpack}
   * This is the users request for the module: \${request}
   */

  /**
   * Original Source From Loader
   */

  \${source}\`;

  return newSource;
}
"
`;
